INFO - 2025-06-13 10:58:17 --> Session: Class initialized using 'CodeIgniter\Session\Handlers\FileHandler' driver.
INFO - 2025-06-13 10:58:22 --> Session: Class initialized using 'CodeIgniter\Session\Handlers\FileHandler' driver.
WARNING - 2025-06-13 10:58:23 --> [DEPRECATED] Creation of dynamic property App\Controllers\HorariosController::$dispositivoModel is deprecated in APPPATH\Controllers\HorariosController.php on line 21.
 1 SYSTEMPATH\CodeIgniter.php(903): App\Controllers\HorariosController->__construct()
 2 SYSTEMPATH\CodeIgniter.php(500): CodeIgniter\CodeIgniter->createController()
 3 SYSTEMPATH\CodeIgniter.php(355): CodeIgniter\CodeIgniter->handleRequest(null, Object(Config\Cache), false)
 4 SYSTEMPATH\Boot.php(325): CodeIgniter\CodeIgniter->run()
 5 SYSTEMPATH\Boot.php(67): CodeIgniter\Boot::runCodeIgniter(Object(CodeIgniter\CodeIgniter))
 6 FCPATH\index.php(56): CodeIgniter\Boot::bootWeb(Object(Config\Paths))
INFO - 2025-06-13 10:58:23 --> Session: Class initialized using 'CodeIgniter\Session\Handlers\FileHandler' driver.
INFO - 2025-06-13 10:58:25 --> Session: Class initialized using 'CodeIgniter\Session\Handlers\FileHandler' driver.
INFO - 2025-06-13 10:58:32 --> Session: Class initialized using 'CodeIgniter\Session\Handlers\FileHandler' driver.
WARNING - 2025-06-13 10:58:32 --> [DEPRECATED] Creation of dynamic property App\Controllers\HorariosController::$dispositivoModel is deprecated in APPPATH\Controllers\HorariosController.php on line 21.
 1 SYSTEMPATH\CodeIgniter.php(903): App\Controllers\HorariosController->__construct()
 2 SYSTEMPATH\CodeIgniter.php(500): CodeIgniter\CodeIgniter->createController()
 3 SYSTEMPATH\CodeIgniter.php(355): CodeIgniter\CodeIgniter->handleRequest(null, Object(Config\Cache), false)
 4 SYSTEMPATH\Boot.php(325): CodeIgniter\CodeIgniter->run()
 5 SYSTEMPATH\Boot.php(67): CodeIgniter\Boot::runCodeIgniter(Object(CodeIgniter\CodeIgniter))
 6 FCPATH\index.php(56): CodeIgniter\Boot::bootWeb(Object(Config\Paths))
INFO - 2025-06-13 10:58:32 --> Session: Class initialized using 'CodeIgniter\Session\Handlers\FileHandler' driver.
WARNING - 2025-06-13 10:58:45 --> [DEPRECATED] Creation of dynamic property App\Controllers\HorariosController::$dispositivoModel is deprecated in APPPATH\Controllers\HorariosController.php on line 21.
 1 SYSTEMPATH\CodeIgniter.php(903): App\Controllers\HorariosController->__construct()
 2 SYSTEMPATH\CodeIgniter.php(500): CodeIgniter\CodeIgniter->createController()
 3 SYSTEMPATH\CodeIgniter.php(355): CodeIgniter\CodeIgniter->handleRequest(null, Object(Config\Cache), false)
 4 SYSTEMPATH\Boot.php(325): CodeIgniter\CodeIgniter->run()
 5 SYSTEMPATH\Boot.php(67): CodeIgniter\Boot::runCodeIgniter(Object(CodeIgniter\CodeIgniter))
 6 FCPATH\index.php(56): CodeIgniter\Boot::bootWeb(Object(Config\Paths))
INFO - 2025-06-13 10:58:45 --> Session: Class initialized using 'CodeIgniter\Session\Handlers\FileHandler' driver.
CRITICAL - 2025-06-13 10:58:46 --> Error: Call to undefined method App\Controllers\ServoController::failForbidden()
[Method: GET, Route: funcional/obtenerUltimoEstado/1]
in APPPATH\Controllers\ServoController.php on line 66.
 1 SYSTEMPATH\CodeIgniter.php(933): App\Controllers\ServoController->obtenerUltimoEstado('1')
 2 SYSTEMPATH\CodeIgniter.php(509): CodeIgniter\CodeIgniter->runController(Object(App\Controllers\ServoController))
 3 SYSTEMPATH\CodeIgniter.php(355): CodeIgniter\CodeIgniter->handleRequest(null, Object(Config\Cache), false)
 4 SYSTEMPATH\Boot.php(325): CodeIgniter\CodeIgniter->run()
 5 SYSTEMPATH\Boot.php(67): CodeIgniter\Boot::runCodeIgniter(Object(CodeIgniter\CodeIgniter))
 6 FCPATH\index.php(56): CodeIgniter\Boot::bootWeb(Object(Config\Paths))
CRITICAL - 2025-06-13 10:58:51 --> Error: Call to undefined method App\Controllers\ServoController::failForbidden()
[Method: GET, Route: funcional/obtenerUltimoEstado/1]
in APPPATH\Controllers\ServoController.php on line 66.
 1 SYSTEMPATH\CodeIgniter.php(933): App\Controllers\ServoController->obtenerUltimoEstado('1')
 2 SYSTEMPATH\CodeIgniter.php(509): CodeIgniter\CodeIgniter->runController(Object(App\Controllers\ServoController))
 3 SYSTEMPATH\CodeIgniter.php(355): CodeIgniter\CodeIgniter->handleRequest(null, Object(Config\Cache), false)
 4 SYSTEMPATH\Boot.php(325): CodeIgniter\CodeIgniter->run()
 5 SYSTEMPATH\Boot.php(67): CodeIgniter\Boot::runCodeIgniter(Object(CodeIgniter\CodeIgniter))
 6 FCPATH\index.php(56): CodeIgniter\Boot::bootWeb(Object(Config\Paths))
CRITICAL - 2025-06-13 10:58:56 --> Error: Call to undefined method App\Controllers\ServoController::failForbidden()
[Method: GET, Route: funcional/obtenerUltimoEstado/1]
in APPPATH\Controllers\ServoController.php on line 66.
 1 SYSTEMPATH\CodeIgniter.php(933): App\Controllers\ServoController->obtenerUltimoEstado('1')
 2 SYSTEMPATH\CodeIgniter.php(509): CodeIgniter\CodeIgniter->runController(Object(App\Controllers\ServoController))
 3 SYSTEMPATH\CodeIgniter.php(355): CodeIgniter\CodeIgniter->handleRequest(null, Object(Config\Cache), false)
 4 SYSTEMPATH\Boot.php(325): CodeIgniter\CodeIgniter->run()
 5 SYSTEMPATH\Boot.php(67): CodeIgniter\Boot::runCodeIgniter(Object(CodeIgniter\CodeIgniter))
 6 FCPATH\index.php(56): CodeIgniter\Boot::bootWeb(Object(Config\Paths))
CRITICAL - 2025-06-13 10:59:01 --> Error: Call to undefined method App\Controllers\ServoController::failForbidden()
[Method: GET, Route: funcional/obtenerUltimoEstado/1]
in APPPATH\Controllers\ServoController.php on line 66.
 1 SYSTEMPATH\CodeIgniter.php(933): App\Controllers\ServoController->obtenerUltimoEstado('1')
 2 SYSTEMPATH\CodeIgniter.php(509): CodeIgniter\CodeIgniter->runController(Object(App\Controllers\ServoController))
 3 SYSTEMPATH\CodeIgniter.php(355): CodeIgniter\CodeIgniter->handleRequest(null, Object(Config\Cache), false)
 4 SYSTEMPATH\Boot.php(325): CodeIgniter\CodeIgniter->run()
 5 SYSTEMPATH\Boot.php(67): CodeIgniter\Boot::runCodeIgniter(Object(CodeIgniter\CodeIgniter))
 6 FCPATH\index.php(56): CodeIgniter\Boot::bootWeb(Object(Config\Paths))
CRITICAL - 2025-06-13 10:59:06 --> Error: Call to undefined method App\Controllers\ServoController::failForbidden()
[Method: GET, Route: funcional/obtenerUltimoEstado/1]
in APPPATH\Controllers\ServoController.php on line 66.
 1 SYSTEMPATH\CodeIgniter.php(933): App\Controllers\ServoController->obtenerUltimoEstado('1')
 2 SYSTEMPATH\CodeIgniter.php(509): CodeIgniter\CodeIgniter->runController(Object(App\Controllers\ServoController))
 3 SYSTEMPATH\CodeIgniter.php(355): CodeIgniter\CodeIgniter->handleRequest(null, Object(Config\Cache), false)
 4 SYSTEMPATH\Boot.php(325): CodeIgniter\CodeIgniter->run()
 5 SYSTEMPATH\Boot.php(67): CodeIgniter\Boot::runCodeIgniter(Object(CodeIgniter\CodeIgniter))
 6 FCPATH\index.php(56): CodeIgniter\Boot::bootWeb(Object(Config\Paths))
CRITICAL - 2025-06-13 10:59:11 --> Error: Call to undefined method App\Controllers\ServoController::failForbidden()
[Method: GET, Route: funcional/obtenerUltimoEstado/1]
in APPPATH\Controllers\ServoController.php on line 66.
 1 SYSTEMPATH\CodeIgniter.php(933): App\Controllers\ServoController->obtenerUltimoEstado('1')
 2 SYSTEMPATH\CodeIgniter.php(509): CodeIgniter\CodeIgniter->runController(Object(App\Controllers\ServoController))
 3 SYSTEMPATH\CodeIgniter.php(355): CodeIgniter\CodeIgniter->handleRequest(null, Object(Config\Cache), false)
 4 SYSTEMPATH\Boot.php(325): CodeIgniter\CodeIgniter->run()
 5 SYSTEMPATH\Boot.php(67): CodeIgniter\Boot::runCodeIgniter(Object(CodeIgniter\CodeIgniter))
 6 FCPATH\index.php(56): CodeIgniter\Boot::bootWeb(Object(Config\Paths))
CRITICAL - 2025-06-13 10:59:16 --> Error: Call to undefined method App\Controllers\ServoController::failForbidden()
[Method: GET, Route: funcional/obtenerUltimoEstado/1]
in APPPATH\Controllers\ServoController.php on line 66.
 1 SYSTEMPATH\CodeIgniter.php(933): App\Controllers\ServoController->obtenerUltimoEstado('1')
 2 SYSTEMPATH\CodeIgniter.php(509): CodeIgniter\CodeIgniter->runController(Object(App\Controllers\ServoController))
 3 SYSTEMPATH\CodeIgniter.php(355): CodeIgniter\CodeIgniter->handleRequest(null, Object(Config\Cache), false)
 4 SYSTEMPATH\Boot.php(325): CodeIgniter\CodeIgniter->run()
 5 SYSTEMPATH\Boot.php(67): CodeIgniter\Boot::runCodeIgniter(Object(CodeIgniter\CodeIgniter))
 6 FCPATH\index.php(56): CodeIgniter\Boot::bootWeb(Object(Config\Paths))
CRITICAL - 2025-06-13 10:59:21 --> Error: Call to undefined method App\Controllers\ServoController::failForbidden()
[Method: GET, Route: funcional/obtenerUltimoEstado/1]
in APPPATH\Controllers\ServoController.php on line 66.
 1 SYSTEMPATH\CodeIgniter.php(933): App\Controllers\ServoController->obtenerUltimoEstado('1')
 2 SYSTEMPATH\CodeIgniter.php(509): CodeIgniter\CodeIgniter->runController(Object(App\Controllers\ServoController))
 3 SYSTEMPATH\CodeIgniter.php(355): CodeIgniter\CodeIgniter->handleRequest(null, Object(Config\Cache), false)
 4 SYSTEMPATH\Boot.php(325): CodeIgniter\CodeIgniter->run()
 5 SYSTEMPATH\Boot.php(67): CodeIgniter\Boot::runCodeIgniter(Object(CodeIgniter\CodeIgniter))
 6 FCPATH\index.php(56): CodeIgniter\Boot::bootWeb(Object(Config\Paths))
CRITICAL - 2025-06-13 10:59:26 --> Error: Call to undefined method App\Controllers\ServoController::failForbidden()
[Method: GET, Route: funcional/obtenerUltimoEstado/1]
in APPPATH\Controllers\ServoController.php on line 66.
 1 SYSTEMPATH\CodeIgniter.php(933): App\Controllers\ServoController->obtenerUltimoEstado('1')
 2 SYSTEMPATH\CodeIgniter.php(509): CodeIgniter\CodeIgniter->runController(Object(App\Controllers\ServoController))
 3 SYSTEMPATH\CodeIgniter.php(355): CodeIgniter\CodeIgniter->handleRequest(null, Object(Config\Cache), false)
 4 SYSTEMPATH\Boot.php(325): CodeIgniter\CodeIgniter->run()
 5 SYSTEMPATH\Boot.php(67): CodeIgniter\Boot::runCodeIgniter(Object(CodeIgniter\CodeIgniter))
 6 FCPATH\index.php(56): CodeIgniter\Boot::bootWeb(Object(Config\Paths))
CRITICAL - 2025-06-13 10:59:31 --> Error: Call to undefined method App\Controllers\ServoController::failForbidden()
[Method: GET, Route: funcional/obtenerUltimoEstado/1]
in APPPATH\Controllers\ServoController.php on line 66.
 1 SYSTEMPATH\CodeIgniter.php(933): App\Controllers\ServoController->obtenerUltimoEstado('1')
 2 SYSTEMPATH\CodeIgniter.php(509): CodeIgniter\CodeIgniter->runController(Object(App\Controllers\ServoController))
 3 SYSTEMPATH\CodeIgniter.php(355): CodeIgniter\CodeIgniter->handleRequest(null, Object(Config\Cache), false)
 4 SYSTEMPATH\Boot.php(325): CodeIgniter\CodeIgniter->run()
 5 SYSTEMPATH\Boot.php(67): CodeIgniter\Boot::runCodeIgniter(Object(CodeIgniter\CodeIgniter))
 6 FCPATH\index.php(56): CodeIgniter\Boot::bootWeb(Object(Config\Paths))
CRITICAL - 2025-06-13 10:59:36 --> Error: Call to undefined method App\Controllers\ServoController::failForbidden()
[Method: GET, Route: funcional/obtenerUltimoEstado/1]
in APPPATH\Controllers\ServoController.php on line 66.
 1 SYSTEMPATH\CodeIgniter.php(933): App\Controllers\ServoController->obtenerUltimoEstado('1')
 2 SYSTEMPATH\CodeIgniter.php(509): CodeIgniter\CodeIgniter->runController(Object(App\Controllers\ServoController))
 3 SYSTEMPATH\CodeIgniter.php(355): CodeIgniter\CodeIgniter->handleRequest(null, Object(Config\Cache), false)
 4 SYSTEMPATH\Boot.php(325): CodeIgniter\CodeIgniter->run()
 5 SYSTEMPATH\Boot.php(67): CodeIgniter\Boot::runCodeIgniter(Object(CodeIgniter\CodeIgniter))
 6 FCPATH\index.php(56): CodeIgniter\Boot::bootWeb(Object(Config\Paths))
CRITICAL - 2025-06-13 10:59:41 --> Error: Call to undefined method App\Controllers\ServoController::failForbidden()
[Method: GET, Route: funcional/obtenerUltimoEstado/1]
in APPPATH\Controllers\ServoController.php on line 66.
 1 SYSTEMPATH\CodeIgniter.php(933): App\Controllers\ServoController->obtenerUltimoEstado('1')
 2 SYSTEMPATH\CodeIgniter.php(509): CodeIgniter\CodeIgniter->runController(Object(App\Controllers\ServoController))
 3 SYSTEMPATH\CodeIgniter.php(355): CodeIgniter\CodeIgniter->handleRequest(null, Object(Config\Cache), false)
 4 SYSTEMPATH\Boot.php(325): CodeIgniter\CodeIgniter->run()
 5 SYSTEMPATH\Boot.php(67): CodeIgniter\Boot::runCodeIgniter(Object(CodeIgniter\CodeIgniter))
 6 FCPATH\index.php(56): CodeIgniter\Boot::bootWeb(Object(Config\Paths))
CRITICAL - 2025-06-13 10:59:46 --> Error: Call to undefined method App\Controllers\ServoController::failForbidden()
[Method: GET, Route: funcional/obtenerUltimoEstado/1]
in APPPATH\Controllers\ServoController.php on line 66.
 1 SYSTEMPATH\CodeIgniter.php(933): App\Controllers\ServoController->obtenerUltimoEstado('1')
 2 SYSTEMPATH\CodeIgniter.php(509): CodeIgniter\CodeIgniter->runController(Object(App\Controllers\ServoController))
 3 SYSTEMPATH\CodeIgniter.php(355): CodeIgniter\CodeIgniter->handleRequest(null, Object(Config\Cache), false)
 4 SYSTEMPATH\Boot.php(325): CodeIgniter\CodeIgniter->run()
 5 SYSTEMPATH\Boot.php(67): CodeIgniter\Boot::runCodeIgniter(Object(CodeIgniter\CodeIgniter))
 6 FCPATH\index.php(56): CodeIgniter\Boot::bootWeb(Object(Config\Paths))
CRITICAL - 2025-06-13 10:59:51 --> Error: Call to undefined method App\Controllers\ServoController::failForbidden()
[Method: GET, Route: funcional/obtenerUltimoEstado/1]
in APPPATH\Controllers\ServoController.php on line 66.
 1 SYSTEMPATH\CodeIgniter.php(933): App\Controllers\ServoController->obtenerUltimoEstado('1')
 2 SYSTEMPATH\CodeIgniter.php(509): CodeIgniter\CodeIgniter->runController(Object(App\Controllers\ServoController))
 3 SYSTEMPATH\CodeIgniter.php(355): CodeIgniter\CodeIgniter->handleRequest(null, Object(Config\Cache), false)
 4 SYSTEMPATH\Boot.php(325): CodeIgniter\CodeIgniter->run()
 5 SYSTEMPATH\Boot.php(67): CodeIgniter\Boot::runCodeIgniter(Object(CodeIgniter\CodeIgniter))
 6 FCPATH\index.php(56): CodeIgniter\Boot::bootWeb(Object(Config\Paths))
CRITICAL - 2025-06-13 10:59:56 --> Error: Call to undefined method App\Controllers\ServoController::failForbidden()
[Method: GET, Route: funcional/obtenerUltimoEstado/1]
in APPPATH\Controllers\ServoController.php on line 66.
 1 SYSTEMPATH\CodeIgniter.php(933): App\Controllers\ServoController->obtenerUltimoEstado('1')
 2 SYSTEMPATH\CodeIgniter.php(509): CodeIgniter\CodeIgniter->runController(Object(App\Controllers\ServoController))
 3 SYSTEMPATH\CodeIgniter.php(355): CodeIgniter\CodeIgniter->handleRequest(null, Object(Config\Cache), false)
 4 SYSTEMPATH\Boot.php(325): CodeIgniter\CodeIgniter->run()
 5 SYSTEMPATH\Boot.php(67): CodeIgniter\Boot::runCodeIgniter(Object(CodeIgniter\CodeIgniter))
 6 FCPATH\index.php(56): CodeIgniter\Boot::bootWeb(Object(Config\Paths))
CRITICAL - 2025-06-13 11:00:01 --> Error: Call to undefined method App\Controllers\ServoController::failForbidden()
[Method: GET, Route: funcional/obtenerUltimoEstado/1]
in APPPATH\Controllers\ServoController.php on line 66.
 1 SYSTEMPATH\CodeIgniter.php(933): App\Controllers\ServoController->obtenerUltimoEstado('1')
 2 SYSTEMPATH\CodeIgniter.php(509): CodeIgniter\CodeIgniter->runController(Object(App\Controllers\ServoController))
 3 SYSTEMPATH\CodeIgniter.php(355): CodeIgniter\CodeIgniter->handleRequest(null, Object(Config\Cache), false)
 4 SYSTEMPATH\Boot.php(325): CodeIgniter\CodeIgniter->run()
 5 SYSTEMPATH\Boot.php(67): CodeIgniter\Boot::runCodeIgniter(Object(CodeIgniter\CodeIgniter))
 6 FCPATH\index.php(56): CodeIgniter\Boot::bootWeb(Object(Config\Paths))
CRITICAL - 2025-06-13 11:00:06 --> Error: Call to undefined method App\Controllers\ServoController::failForbidden()
[Method: GET, Route: funcional/obtenerUltimoEstado/1]
in APPPATH\Controllers\ServoController.php on line 66.
 1 SYSTEMPATH\CodeIgniter.php(933): App\Controllers\ServoController->obtenerUltimoEstado('1')
 2 SYSTEMPATH\CodeIgniter.php(509): CodeIgniter\CodeIgniter->runController(Object(App\Controllers\ServoController))
 3 SYSTEMPATH\CodeIgniter.php(355): CodeIgniter\CodeIgniter->handleRequest(null, Object(Config\Cache), false)
 4 SYSTEMPATH\Boot.php(325): CodeIgniter\CodeIgniter->run()
 5 SYSTEMPATH\Boot.php(67): CodeIgniter\Boot::runCodeIgniter(Object(CodeIgniter\CodeIgniter))
 6 FCPATH\index.php(56): CodeIgniter\Boot::bootWeb(Object(Config\Paths))
CRITICAL - 2025-06-13 11:00:11 --> Error: Call to undefined method App\Controllers\ServoController::failForbidden()
[Method: GET, Route: funcional/obtenerUltimoEstado/1]
in APPPATH\Controllers\ServoController.php on line 66.
 1 SYSTEMPATH\CodeIgniter.php(933): App\Controllers\ServoController->obtenerUltimoEstado('1')
 2 SYSTEMPATH\CodeIgniter.php(509): CodeIgniter\CodeIgniter->runController(Object(App\Controllers\ServoController))
 3 SYSTEMPATH\CodeIgniter.php(355): CodeIgniter\CodeIgniter->handleRequest(null, Object(Config\Cache), false)
 4 SYSTEMPATH\Boot.php(325): CodeIgniter\CodeIgniter->run()
 5 SYSTEMPATH\Boot.php(67): CodeIgniter\Boot::runCodeIgniter(Object(CodeIgniter\CodeIgniter))
 6 FCPATH\index.php(56): CodeIgniter\Boot::bootWeb(Object(Config\Paths))
CRITICAL - 2025-06-13 11:01:14 --> Error: Call to undefined method App\Controllers\ServoController::failForbidden()
[Method: GET, Route: funcional/obtenerUltimoEstado/1]
in APPPATH\Controllers\ServoController.php on line 66.
 1 SYSTEMPATH\CodeIgniter.php(933): App\Controllers\ServoController->obtenerUltimoEstado('1')
 2 SYSTEMPATH\CodeIgniter.php(509): CodeIgniter\CodeIgniter->runController(Object(App\Controllers\ServoController))
 3 SYSTEMPATH\CodeIgniter.php(355): CodeIgniter\CodeIgniter->handleRequest(null, Object(Config\Cache), false)
 4 SYSTEMPATH\Boot.php(325): CodeIgniter\CodeIgniter->run()
 5 SYSTEMPATH\Boot.php(67): CodeIgniter\Boot::runCodeIgniter(Object(CodeIgniter\CodeIgniter))
 6 FCPATH\index.php(56): CodeIgniter\Boot::bootWeb(Object(Config\Paths))
