INFO - 2025-04-16 11:34:13 --> Session: Class initialized using 'CodeIgniter\Session\Handlers\FileHandler' driver.
INFO - 2025-04-16 11:34:17 --> Session: Class initialized using 'CodeIgniter\Session\Handlers\FileHandler' driver.
INFO - 2025-04-16 11:34:23 --> Session: Class initialized using 'CodeIgniter\Session\Handlers\FileHandler' driver.
INFO - 2025-04-16 11:34:24 --> Session: Class initialized using 'CodeIgniter\Session\Handlers\FileHandler' driver.
INFO - 2025-04-16 11:34:27 --> Session: Class initialized using 'CodeIgniter\Session\Handlers\FileHandler' driver.
INFO - 2025-04-16 11:55:31 --> Session: Class initialized using 'CodeIgniter\Session\Handlers\FileHandler' driver.
INFO - 2025-04-16 12:50:46 --> Session: Class initialized using 'CodeIgniter\Session\Handlers\FileHandler' driver.
INFO - 2025-04-16 12:50:52 --> Session: Class initialized using 'CodeIgniter\Session\Handlers\FileHandler' driver.
INFO - 2025-04-16 12:50:52 --> Session: Class initialized using 'CodeIgniter\Session\Handlers\FileHandler' driver.
INFO - 2025-04-16 12:51:03 --> Session: Class initialized using 'CodeIgniter\Session\Handlers\FileHandler' driver.
INFO - 2025-04-16 12:58:58 --> Session: Class initialized using 'CodeIgniter\Session\Handlers\FileHandler' driver.
INFO - 2025-04-16 12:59:04 --> Session: Class initialized using 'CodeIgniter\Session\Handlers\FileHandler' driver.
INFO - 2025-04-16 12:59:04 --> Session: Class initialized using 'CodeIgniter\Session\Handlers\FileHandler' driver.
INFO - 2025-04-16 13:00:45 --> Session: Class initialized using 'CodeIgniter\Session\Handlers\FileHandler' driver.
INFO - 2025-04-16 13:00:51 --> Session: Class initialized using 'CodeIgniter\Session\Handlers\FileHandler' driver.
INFO - 2025-04-16 13:00:51 --> Session: Class initialized using 'CodeIgniter\Session\Handlers\FileHandler' driver.
INFO - 2025-04-16 13:01:31 --> Session: Class initialized using 'CodeIgniter\Session\Handlers\FileHandler' driver.
INFO - 2025-04-16 13:01:33 --> Session: Class initialized using 'CodeIgniter\Session\Handlers\FileHandler' driver.
INFO - 2025-04-16 13:01:44 --> Session: Class initialized using 'CodeIgniter\Session\Handlers\FileHandler' driver.
DEBUG - 2025-04-16 13:01:44 --> === INTENTANDO GUARDAR DISEÑO ===
DEBUG - 2025-04-16 13:01:44 --> Nombre: tatita
DEBUG - 2025-04-16 13:01:44 --> Cortina: no
DEBUG - 2025-04-16 13:01:44 --> Ventana: si
DEBUG - 2025-04-16 13:01:44 --> Postigon: no
DEBUG - 2025-04-16 13:01:44 --> Usuario ID: 6
DEBUG - 2025-04-16 13:01:44 --> Diseño guardado con ID: 99
INFO - 2025-04-16 13:01:44 --> Session: Class initialized using 'CodeIgniter\Session\Handlers\FileHandler' driver.
DEBUG - 2025-04-16 13:01:44 --> === DATOS DEL DISEÑO ANTES DE PASAR A LA VISTA ===
DEBUG - 2025-04-16 13:01:44 --> ID: 99
DEBUG - 2025-04-16 13:01:44 --> Nombre: tatita
DEBUG - 2025-04-16 13:01:44 --> Ventana (raw): [si]
DEBUG - 2025-04-16 13:01:44 --> Cortina (raw): [no]
DEBUG - 2025-04-16 13:01:44 --> Postigon (raw): [no]
DEBUG - 2025-04-16 13:01:44 --> Ventana === "si": true
DEBUG - 2025-04-16 13:01:44 --> Cortina === "si": false
DEBUG - 2025-04-16 13:01:44 --> Postigon === "si": false
DEBUG - 2025-04-16 13:01:44 --> Longitud Ventana: 2
DEBUG - 2025-04-16 13:01:44 --> Longitud Cortina: 2
DEBUG - 2025-04-16 13:01:44 --> Longitud Postigon: 2
DEBUG - 2025-04-16 13:01:44 --> === FIN DATOS DEL DISEÑO ===
INFO - 2025-04-16 13:01:49 --> Session: Class initialized using 'CodeIgniter\Session\Handlers\FileHandler' driver.
INFO - 2025-04-16 13:01:49 --> Session: Class initialized using 'CodeIgniter\Session\Handlers\FileHandler' driver.
INFO - 2025-04-16 13:02:58 --> Session: Class initialized using 'CodeIgniter\Session\Handlers\FileHandler' driver.
